// Jest Snapshot v1, https://goo.gl/fbAQLP

exports[`snapshot tests Should show 8 products and an order summary 1`] = `
<div
  className="basketPage"
>
  <h2
    className="basket-header"
  >
    Your Basket
  </h2>
  <div
    className="row"
  >
    <div
      className="col-lg-9 col-sm-12 col-xs-12"
    >
      <div
        className="container"
      >
        <div
          className="row basket-table-header"
        >
          <div
            className="col-lg-10"
          >
            <div
              className="row"
            >
              8
               item
              s
            </div>
          </div>
          <div
            className="col-lg-2"
          >
            <div
              className="row"
            >
              Quantity/Price
            </div>
          </div>
        </div>
        <div
          className="row basket-product"
        >
          <div
            className="col-lg-10"
          >
            <img
              src="https://media.4rgos.it/s/Argos/9805244_R_SET?w=110&h=130"
            />
            Russell Hobbs Pennine Illuminating S Steel Kettle 20444
            <svg
              className="trash-icon"
              onClick={[Function]}
              role="img"
              viewBox="0 0 24 24"
            >
              <path
                d="M8 6l.001-1.51h.147a3.49 3.49 0 0 1 3.342-2.488L12.505 2a3.49 3.49 0 0 1 3.49 3.49v.065L15.987 6H20a1 1 0 0 1 0 2H4a1 1 0 1 1 0-2h4zm2.002 0h3.984v-.019l.01-.463V5.49A1.49 1.49 0 0 0 12.506 4l-1.015.002a1.49 1.49 0 0 0-1.49 1.489V6zM8.5 11a1 1 0 0 1 2 0v6a1 1 0 0 1-2 0v-6zm5 0a1 1 0 0 1 2 0v6a1 1 0 0 1-2 0v-6zm-9.447-.008a1 1 0 1 1 2 .016l-.055 7.094A1.886 1.886 0 0 0 7.88 20h8.237c1.04 0 1.883-.843 1.883-1.892l-.032-7.103a1 1 0 1 1 2-.01l.032 7.122A3.883 3.883 0 0 1 16.118 22H7.851a3.883 3.883 0 0 1-3.853-3.913l.055-7.095z"
                fill="#b8adad"
                fillRule="nonzero"
              />
            </svg>
          </div>
          <div
            className="col-lg-2"
          >
            <div
              className="row"
            >
              <button
                className="btn btn-secondary"
                onClick={[Function]}
              >
                -
              </button>
              <div
                className="basket-product-amount"
              />
              <button
                className="btn btn-secondary"
                onClick={[Function]}
              >
                +
              </button>
            </div>
            <div
              className="row"
            >
              £
              NaN
            </div>
          </div>
        </div>
        <div
          className="row basket-product"
        >
          <div
            className="col-lg-10"
          >
            <img
              src="https://media.4rgos.it/s/Argos/4251824_R_SET?w=110&h=130"
            />
            Challenge White Desk Fan - 12 Inch
            <svg
              className="trash-icon"
              onClick={[Function]}
              role="img"
              viewBox="0 0 24 24"
            >
              <path
                d="M8 6l.001-1.51h.147a3.49 3.49 0 0 1 3.342-2.488L12.505 2a3.49 3.49 0 0 1 3.49 3.49v.065L15.987 6H20a1 1 0 0 1 0 2H4a1 1 0 1 1 0-2h4zm2.002 0h3.984v-.019l.01-.463V5.49A1.49 1.49 0 0 0 12.506 4l-1.015.002a1.49 1.49 0 0 0-1.49 1.489V6zM8.5 11a1 1 0 0 1 2 0v6a1 1 0 0 1-2 0v-6zm5 0a1 1 0 0 1 2 0v6a1 1 0 0 1-2 0v-6zm-9.447-.008a1 1 0 1 1 2 .016l-.055 7.094A1.886 1.886 0 0 0 7.88 20h8.237c1.04 0 1.883-.843 1.883-1.892l-.032-7.103a1 1 0 1 1 2-.01l.032 7.122A3.883 3.883 0 0 1 16.118 22H7.851a3.883 3.883 0 0 1-3.853-3.913l.055-7.095z"
                fill="#b8adad"
                fillRule="nonzero"
              />
            </svg>
          </div>
          <div
            className="col-lg-2"
          >
            <div
              className="row"
            >
              <button
                className="btn btn-secondary"
                onClick={[Function]}
              >
                -
              </button>
              <div
                className="basket-product-amount"
              />
              <button
                className="btn btn-secondary"
                onClick={[Function]}
              >
                +
              </button>
            </div>
            <div
              className="row"
            >
              £
              NaN
            </div>
          </div>
        </div>
        <div
          className="row basket-product"
        >
          <div
            className="col-lg-10"
          >
            <img
              src="https://media.4rgos.it/s/Argos/tuc132404445_R_SET?w=110&h=130"
            />
            Plain Vest Top 12 BLACK
            <svg
              className="trash-icon"
              onClick={[Function]}
              role="img"
              viewBox="0 0 24 24"
            >
              <path
                d="M8 6l.001-1.51h.147a3.49 3.49 0 0 1 3.342-2.488L12.505 2a3.49 3.49 0 0 1 3.49 3.49v.065L15.987 6H20a1 1 0 0 1 0 2H4a1 1 0 1 1 0-2h4zm2.002 0h3.984v-.019l.01-.463V5.49A1.49 1.49 0 0 0 12.506 4l-1.015.002a1.49 1.49 0 0 0-1.49 1.489V6zM8.5 11a1 1 0 0 1 2 0v6a1 1 0 0 1-2 0v-6zm5 0a1 1 0 0 1 2 0v6a1 1 0 0 1-2 0v-6zm-9.447-.008a1 1 0 1 1 2 .016l-.055 7.094A1.886 1.886 0 0 0 7.88 20h8.237c1.04 0 1.883-.843 1.883-1.892l-.032-7.103a1 1 0 1 1 2-.01l.032 7.122A3.883 3.883 0 0 1 16.118 22H7.851a3.883 3.883 0 0 1-3.853-3.913l.055-7.095z"
                fill="#b8adad"
                fillRule="nonzero"
              />
            </svg>
          </div>
          <div
            className="col-lg-2"
          >
            <div
              className="row"
            >
              <button
                className="btn btn-secondary"
                onClick={[Function]}
              >
                -
              </button>
              <div
                className="basket-product-amount"
              />
              <button
                className="btn btn-secondary"
                onClick={[Function]}
              >
                +
              </button>
            </div>
            <div
              className="row"
            >
              £
              NaN
            </div>
          </div>
        </div>
        <div
          className="row basket-product"
        >
          <div
            className="col-lg-10"
          >
            <img
              src="https://media.4rgos.it/s/Argos/4049641_R_SET?w=110&h=130"
            />
            Wilson Roger Federer 27 Inch Adult Tennis Racket
            <svg
              className="trash-icon"
              onClick={[Function]}
              role="img"
              viewBox="0 0 24 24"
            >
              <path
                d="M8 6l.001-1.51h.147a3.49 3.49 0 0 1 3.342-2.488L12.505 2a3.49 3.49 0 0 1 3.49 3.49v.065L15.987 6H20a1 1 0 0 1 0 2H4a1 1 0 1 1 0-2h4zm2.002 0h3.984v-.019l.01-.463V5.49A1.49 1.49 0 0 0 12.506 4l-1.015.002a1.49 1.49 0 0 0-1.49 1.489V6zM8.5 11a1 1 0 0 1 2 0v6a1 1 0 0 1-2 0v-6zm5 0a1 1 0 0 1 2 0v6a1 1 0 0 1-2 0v-6zm-9.447-.008a1 1 0 1 1 2 .016l-.055 7.094A1.886 1.886 0 0 0 7.88 20h8.237c1.04 0 1.883-.843 1.883-1.892l-.032-7.103a1 1 0 1 1 2-.01l.032 7.122A3.883 3.883 0 0 1 16.118 22H7.851a3.883 3.883 0 0 1-3.853-3.913l.055-7.095z"
                fill="#b8adad"
                fillRule="nonzero"
              />
            </svg>
          </div>
          <div
            className="col-lg-2"
          >
            <div
              className="row"
            >
              <button
                className="btn btn-secondary"
                onClick={[Function]}
              >
                -
              </button>
              <div
                className="basket-product-amount"
              />
              <button
                className="btn btn-secondary"
                onClick={[Function]}
              >
                +
              </button>
            </div>
            <div
              className="row"
            >
              £
              NaN
            </div>
          </div>
        </div>
        <div
          className="row basket-product"
        >
          <div
            className="col-lg-10"
          >
            <img
              src="https://media.4rgos.it/s/Argos/5399235_R_SET?w=110&h=130"
            />
            My Little Pony Cutie Mark Rainbow Dash
            <svg
              className="trash-icon"
              onClick={[Function]}
              role="img"
              viewBox="0 0 24 24"
            >
              <path
                d="M8 6l.001-1.51h.147a3.49 3.49 0 0 1 3.342-2.488L12.505 2a3.49 3.49 0 0 1 3.49 3.49v.065L15.987 6H20a1 1 0 0 1 0 2H4a1 1 0 1 1 0-2h4zm2.002 0h3.984v-.019l.01-.463V5.49A1.49 1.49 0 0 0 12.506 4l-1.015.002a1.49 1.49 0 0 0-1.49 1.489V6zM8.5 11a1 1 0 0 1 2 0v6a1 1 0 0 1-2 0v-6zm5 0a1 1 0 0 1 2 0v6a1 1 0 0 1-2 0v-6zm-9.447-.008a1 1 0 1 1 2 .016l-.055 7.094A1.886 1.886 0 0 0 7.88 20h8.237c1.04 0 1.883-.843 1.883-1.892l-.032-7.103a1 1 0 1 1 2-.01l.032 7.122A3.883 3.883 0 0 1 16.118 22H7.851a3.883 3.883 0 0 1-3.853-3.913l.055-7.095z"
                fill="#b8adad"
                fillRule="nonzero"
              />
            </svg>
          </div>
          <div
            className="col-lg-2"
          >
            <div
              className="row"
            >
              <button
                className="btn btn-secondary"
                onClick={[Function]}
              >
                -
              </button>
              <div
                className="basket-product-amount"
              />
              <button
                className="btn btn-secondary"
                onClick={[Function]}
              >
                +
              </button>
            </div>
            <div
              className="row"
            >
              £
              NaN
            </div>
          </div>
        </div>
        <div
          className="row basket-product"
        >
          <div
            className="col-lg-10"
          >
            <img
              src="https://media.4rgos.it/s/Argos/7543412_R_SET?w=110&h=130"
            />
            Sim Free iPhone X 256GB Mobile Phone- Space Grey
            <svg
              className="trash-icon"
              onClick={[Function]}
              role="img"
              viewBox="0 0 24 24"
            >
              <path
                d="M8 6l.001-1.51h.147a3.49 3.49 0 0 1 3.342-2.488L12.505 2a3.49 3.49 0 0 1 3.49 3.49v.065L15.987 6H20a1 1 0 0 1 0 2H4a1 1 0 1 1 0-2h4zm2.002 0h3.984v-.019l.01-.463V5.49A1.49 1.49 0 0 0 12.506 4l-1.015.002a1.49 1.49 0 0 0-1.49 1.489V6zM8.5 11a1 1 0 0 1 2 0v6a1 1 0 0 1-2 0v-6zm5 0a1 1 0 0 1 2 0v6a1 1 0 0 1-2 0v-6zm-9.447-.008a1 1 0 1 1 2 .016l-.055 7.094A1.886 1.886 0 0 0 7.88 20h8.237c1.04 0 1.883-.843 1.883-1.892l-.032-7.103a1 1 0 1 1 2-.01l.032 7.122A3.883 3.883 0 0 1 16.118 22H7.851a3.883 3.883 0 0 1-3.853-3.913l.055-7.095z"
                fill="#b8adad"
                fillRule="nonzero"
              />
            </svg>
          </div>
          <div
            className="col-lg-2"
          >
            <div
              className="row"
            >
              <button
                className="btn btn-secondary"
                onClick={[Function]}
              >
                -
              </button>
              <div
                className="basket-product-amount"
              />
              <button
                className="btn btn-secondary"
                onClick={[Function]}
              >
                +
              </button>
            </div>
            <div
              className="row"
            >
              £
              NaN
            </div>
          </div>
        </div>
        <div
          className="row basket-product"
        >
          <div
            className="col-lg-10"
          >
            <img
              src="https://media.4rgos.it/s/Argos/7067462_R_SET?w=110&h=130"
            />
            Assassin's Creed Origins PS4 Game
            <svg
              className="trash-icon"
              onClick={[Function]}
              role="img"
              viewBox="0 0 24 24"
            >
              <path
                d="M8 6l.001-1.51h.147a3.49 3.49 0 0 1 3.342-2.488L12.505 2a3.49 3.49 0 0 1 3.49 3.49v.065L15.987 6H20a1 1 0 0 1 0 2H4a1 1 0 1 1 0-2h4zm2.002 0h3.984v-.019l.01-.463V5.49A1.49 1.49 0 0 0 12.506 4l-1.015.002a1.49 1.49 0 0 0-1.49 1.489V6zM8.5 11a1 1 0 0 1 2 0v6a1 1 0 0 1-2 0v-6zm5 0a1 1 0 0 1 2 0v6a1 1 0 0 1-2 0v-6zm-9.447-.008a1 1 0 1 1 2 .016l-.055 7.094A1.886 1.886 0 0 0 7.88 20h8.237c1.04 0 1.883-.843 1.883-1.892l-.032-7.103a1 1 0 1 1 2-.01l.032 7.122A3.883 3.883 0 0 1 16.118 22H7.851a3.883 3.883 0 0 1-3.853-3.913l.055-7.095z"
                fill="#b8adad"
                fillRule="nonzero"
              />
            </svg>
          </div>
          <div
            className="col-lg-2"
          >
            <div
              className="row"
            >
              <button
                className="btn btn-secondary"
                onClick={[Function]}
              >
                -
              </button>
              <div
                className="basket-product-amount"
              />
              <button
                className="btn btn-secondary"
                onClick={[Function]}
              >
                +
              </button>
            </div>
            <div
              className="row"
            >
              £
              NaN
            </div>
          </div>
        </div>
        <div
          className="row basket-product"
        >
          <div
            className="col-lg-10"
          >
            <img
              src="https://media.4rgos.it/s/Argos/7426735_R_SET?w=110&h=130"
            />
            Duracell Supreme 750 mAh Rechargeable AAA Batteries - 4 Pack
            <svg
              className="trash-icon"
              onClick={[Function]}
              role="img"
              viewBox="0 0 24 24"
            >
              <path
                d="M8 6l.001-1.51h.147a3.49 3.49 0 0 1 3.342-2.488L12.505 2a3.49 3.49 0 0 1 3.49 3.49v.065L15.987 6H20a1 1 0 0 1 0 2H4a1 1 0 1 1 0-2h4zm2.002 0h3.984v-.019l.01-.463V5.49A1.49 1.49 0 0 0 12.506 4l-1.015.002a1.49 1.49 0 0 0-1.49 1.489V6zM8.5 11a1 1 0 0 1 2 0v6a1 1 0 0 1-2 0v-6zm5 0a1 1 0 0 1 2 0v6a1 1 0 0 1-2 0v-6zm-9.447-.008a1 1 0 1 1 2 .016l-.055 7.094A1.886 1.886 0 0 0 7.88 20h8.237c1.04 0 1.883-.843 1.883-1.892l-.032-7.103a1 1 0 1 1 2-.01l.032 7.122A3.883 3.883 0 0 1 16.118 22H7.851a3.883 3.883 0 0 1-3.853-3.913l.055-7.095z"
                fill="#b8adad"
                fillRule="nonzero"
              />
            </svg>
          </div>
          <div
            className="col-lg-2"
          >
            <div
              className="row"
            >
              <button
                className="btn btn-secondary"
                onClick={[Function]}
              >
                -
              </button>
              <div
                className="basket-product-amount"
              />
              <button
                className="btn btn-secondary"
                onClick={[Function]}
              >
                +
              </button>
            </div>
            <div
              className="row"
            >
              £
              NaN
            </div>
          </div>
        </div>
        <div
          className="row"
          style={
            Object {
              "marginTop": "20px",
            }
          }
        >
          <button
            className="btn btn-danger"
            onClick={[Function]}
          >
            Empty basket
          </button>
        </div>
      </div>
    </div>
    <div
      className="col-lg-3 col-sm-12 col-xs-12"
    >
      <div
        className="row"
      >
        <p
          style={
            Object {
              "margin": "auto",
            }
          }
        >
          Order summary
        </p>
      </div>
      <div
        className="row"
      >
        <p
          style={
            Object {
              "margin": "auto",
            }
          }
        >
          Total: £
          24.99
        </p>
      </div>
    </div>
  </div>
</div>
`;

exports[`snapshot tests Should show empty basket and no order summary 1`] = `
<div
  className="basketPage"
>
  <h2
    className="basket-header"
  >
    Your Basket
  </h2>
  <div
    className="row"
  >
    <div
      className="col-lg-9 col-sm-12 col-xs-12"
    >
      <div
        className="container"
      >
        <div
          className="row basket-table-header"
        >
          <div
            className="col-lg-10"
          >
            <div
              className="row"
            >
              0
               item
              s
            </div>
          </div>
          <div
            className="col-lg-2"
          >
            <div
              className="row"
            >
              Quantity/Price
            </div>
          </div>
        </div>
        <div
          className="row"
          style={
            Object {
              "marginTop": "10px",
            }
          }
        >
          <p>
            Your basket is empty
          </p>
        </div>
        
      </div>
    </div>
  </div>
</div>
`;
