// Jest Snapshot v1, https://goo.gl/fbAQLP

exports[`renders single product 1`] = `
<div
  className="col-lg-3 col-sm-12 col-md-12"
>
  <div
    className="container product"
  >
    <div
      className="product__information"
    >
      <img
        alt="Russell Hobbs Pennine Illuminating S Steel Kettle 20444"
        src="https://media.4rgos.it/s/Argos/9805244_R_SET?w=110&h=130"
      />
      <p>
        Russell Hobbs Pennine Illuminating S Steel Kettle 20444
        , 
        549/3179
      </p>
    </div>
    <p>
      Â£
      24.99
    </p>
    <button
      aria-label="AddRussell Hobbs Pennine Illuminating S Steel Kettle 20444to basket. Priced 24.99"
      className="btn btn-outline-secondary"
      name="Russell Hobbs Pennine Illuminating S Steel Kettle 20444"
      onClick={[Function]}
      type="button"
    >
      Add to Basket
    </button>
  </div>
</div>
`;
